[2026-05-27 14:54:28.656] [33mwarn[39m: [email]: The "sendmail" email provider is still supported, but for most production setups that use a dedicated SMTP relay, consider switching to @strapi/provider-email-nodemailer (set `provider` to `"nodemailer"` in your email plugin config). This message is only shown in non-production environments.
[2026-05-27 14:54:28.809] [33mwarn[39m: admin.auth.options.expiresIn is deprecated and will be removed in Strapi 6. Please configure admin.auth.sessions.maxRefreshTokenLifespan and admin.auth.sessions.maxSessionLifespan.
[INFO] Including the following ENV variables as part of the JS bundle:
    - ADMIN_PATH
    - STRAPI_ADMIN_BACKEND_URL
    - STRAPI_TELEMETRY_DISABLED
    - STRAPI_AI_URL
    - STRAPI_ANALYTICS_URL

 Project information

[90m┌────────────────────[39m[90m┬──────────────────────────────────────────────────┐[39m
[90m│[39m Time               [90m│[39m Wed May 27 2026 14:54:30 GMT+0200 (Midden-Europ… [90m│[39m
[90m│[39m Launched in        [90m│[39m 3757 ms                                          [90m│[39m
[90m│[39m Environment        [90m│[39m development                                      [90m│[39m
[90m│[39m Process PID        [90m│[39m 27552                                            [90m│[39m
[90m│[39m Version            [90m│[39m 5.46.1 (node v22.22.3)                           [90m│[39m
[90m│[39m Edition            [90m│[39m Community                                        [90m│[39m
[90m│[39m Database           [90m│[39m sqlite                                           [90m│[39m
[90m│[39m Database name      [90m│[39m .tmp\data.db                                     [90m│[39m
[90m└────────────────────[39m[90m┴──────────────────────────────────────────────────┘[39m

 Actions available

Welcome back!
To access the server ⚡️, go to:
http://localhost:1337

[2026-05-27 14:54:30.128] [32minfo[39m: Strapi started successfully
